Archive member included to satisfy reference by file (symbol)

c:/nxp/mcuxpressoide_10.1.1_606/ide/tools/bin/../lib/gcc/arm-none-eabi/6.3.1/../../../../arm-none-eabi/lib/thumb/v6-m\libcr_semihost_nf.a(_cr__main.o)
                              ./startup/startup_mkl43z4.o (__main)
c:/nxp/mcuxpressoide_10.1.1_606/ide/tools/bin/../lib/gcc/arm-none-eabi/6.3.1/../../../../arm-none-eabi/lib/thumb/v6-m\libcr_semihost_nf.a(_cr_assert.o)
                              ./utilities/fsl_debug_console.o (__assertion_failed)
c:/nxp/mcuxpressoide_10.1.1_606/ide/tools/bin/../lib/gcc/arm-none-eabi/6.3.1/../../../../arm-none-eabi/lib/thumb/v6-m\libcr_semihost_nf.a(__ciob.o)
                              c:/nxp/mcuxpressoide_10.1.1_606/ide/tools/bin/../lib/gcc/arm-none-eabi/6.3.1/../../../../arm-none-eabi/lib/thumb/v6-m\libcr_semihost_nf.a(_cr_assert.o) (__Ciob)
c:/nxp/mcuxpressoide_10.1.1_606/ide/tools/bin/../lib/gcc/arm-none-eabi/6.3.1/../../../../arm-none-eabi/lib/thumb/v6-m\libcr_semihost_nf.a(__sys_appexit.o)
                              c:/nxp/mcuxpressoide_10.1.1_606/ide/tools/bin/../lib/gcc/arm-none-eabi/6.3.1/../../../../arm-none-eabi/lib/thumb/v6-m\libcr_semihost_nf.a(_cr_assert.o) (__sys_appexit)
c:/nxp/mcuxpressoide_10.1.1_606/ide/tools/bin/../lib/gcc/arm-none-eabi/6.3.1/../../../../arm-none-eabi/lib/thumb/v6-m\libcr_c.a(memcpy.o)
                              ./drivers/fsl_flash.o (memcpy)
c:/nxp/mcuxpressoide_10.1.1_606/ide/tools/bin/../lib/gcc/arm-none-eabi/6.3.1/../../../../arm-none-eabi/lib/thumb/v6-m\libcr_c.a(memset.o)
                              ./drivers/fsl_flash.o (memset)
c:/nxp/mcuxpressoide_10.1.1_606/ide/tools/bin/../lib/gcc/arm-none-eabi/6.3.1/../../../../arm-none-eabi/lib/thumb/v6-m\libcr_c.a(_deferredlazyseek.o)
                              c:/nxp/mcuxpressoide_10.1.1_606/ide/tools/bin/../lib/gcc/arm-none-eabi/6.3.1/../../../../arm-none-eabi/lib/thumb/v6-m\libcr_semihost_nf.a(_cr_assert.o) (__flsbuf)
c:/nxp/mcuxpressoide_10.1.1_606/ide/tools/bin/../lib/gcc/arm-none-eabi/6.3.1/../../../../arm-none-eabi/lib/thumb/v6-m\libcr_c.a(_fflush.o)
                              c:/nxp/mcuxpressoide_10.1.1_606/ide/tools/bin/../lib/gcc/arm-none-eabi/6.3.1/../../../../arm-none-eabi/lib/thumb/v6-m\libcr_c.a(_deferredlazyseek.o) (_fflush)
c:/nxp/mcuxpressoide_10.1.1_606/ide/tools/bin/../lib/gcc/arm-none-eabi/6.3.1/../../../../arm-none-eabi/lib/thumb/v6-m\libcr_c.a(_writebuf.o)
                              c:/nxp/mcuxpressoide_10.1.1_606/ide/tools/bin/../lib/gcc/arm-none-eabi/6.3.1/../../../../arm-none-eabi/lib/thumb/v6-m\libcr_c.a(_deferredlazyseek.o) (_Cwritebuf)
c:/nxp/mcuxpressoide_10.1.1_606/ide/tools/bin/../lib/gcc/arm-none-eabi/6.3.1/../../../../arm-none-eabi/lib/thumb/v6-m\libcr_c.a(alloc.o)
                              c:/nxp/mcuxpressoide_10.1.1_606/ide/tools/bin/../lib/gcc/arm-none-eabi/6.3.1/../../../../arm-none-eabi/lib/thumb/v6-m\libcr_c.a(_deferredlazyseek.o) (_Csys_alloc)
c:/nxp/mcuxpressoide_10.1.1_606/ide/tools/bin/../lib/gcc/arm-none-eabi/6.3.1/../../../../arm-none-eabi/lib/thumb/v6-m\libcr_c.a(fputs.o)
                              c:/nxp/mcuxpressoide_10.1.1_606/ide/tools/bin/../lib/gcc/arm-none-eabi/6.3.1/../../../../arm-none-eabi/lib/thumb/v6-m\libcr_semihost_nf.a(_cr_assert.o) (fputs)
c:/nxp/mcuxpressoide_10.1.1_606/ide/tools/bin/../lib/gcc/arm-none-eabi/6.3.1/../../../../arm-none-eabi/lib/thumb/v6-m\libcr_c.a(fseek.o)
                              c:/nxp/mcuxpressoide_10.1.1_606/ide/tools/bin/../lib/gcc/arm-none-eabi/6.3.1/../../../../arm-none-eabi/lib/thumb/v6-m\libcr_c.a(_deferredlazyseek.o) (fseek)
c:/nxp/mcuxpressoide_10.1.1_606/ide/tools/bin/../lib/gcc/arm-none-eabi/6.3.1/../../../../arm-none-eabi/lib/thumb/v6-m\libcr_c.a(ftell.o)
                              c:/nxp/mcuxpressoide_10.1.1_606/ide/tools/bin/../lib/gcc/arm-none-eabi/6.3.1/../../../../arm-none-eabi/lib/thumb/v6-m\libcr_c.a(fseek.o) (ftell)
c:/nxp/mcuxpressoide_10.1.1_606/ide/tools/bin/../lib/gcc/arm-none-eabi/6.3.1/../../../../arm-none-eabi/lib/thumb/v6-m\libcr_c.a(initio.o)
                              c:/nxp/mcuxpressoide_10.1.1_606/ide/tools/bin/../lib/gcc/arm-none-eabi/6.3.1/../../../../arm-none-eabi/lib/thumb/v6-m\libcr_semihost_nf.a(_cr__main.o) (_initio)
c:/nxp/mcuxpressoide_10.1.1_606/ide/tools/bin/../lib/gcc/arm-none-eabi/6.3.1/../../../../arm-none-eabi/lib/thumb/v6-m\libcr_c.a(printf.o)
                              ./source/finproj.o (_fprintf)
c:/nxp/mcuxpressoide_10.1.1_606/ide/tools/bin/../lib/gcc/arm-none-eabi/6.3.1/../../../../arm-none-eabi/lib/thumb/v6-m\libcr_c.a(setvbuf.o)
                              c:/nxp/mcuxpressoide_10.1.1_606/ide/tools/bin/../lib/gcc/arm-none-eabi/6.3.1/../../../../arm-none-eabi/lib/thumb/v6-m\libcr_c.a(initio.o) (setvbuf)
c:/nxp/mcuxpressoide_10.1.1_606/ide/tools/bin/../lib/gcc/arm-none-eabi/6.3.1/../../../../arm-none-eabi/lib/thumb/v6-m\libcr_c.a(strlen.o)
                              ./utilities/fsl_str.o (strlen)
[...]
Memory Configuration

Name             Origin             Length             Attributes
PROGRAM_FLASH    0x00000000         0x00040000         xr
SRAM             0x1fffe000         0x00008000         xrw
*default*        0x00000000         0xffffffff

Linker script and memory map

LOAD ./utilities/fsl_debug_console.o
LOAD ./utilities/fsl_io.o
LOAD ./utilities/fsl_log.o
LOAD ./utilities/fsl_str.o
LOAD ./startup/startup_mkl43z4.o
LOAD ./source/finproj.o
LOAD ./source/mtb.o
LOAD ./source/semihost_hardfault.o
LOAD ./drivers/fsl_clock.o
LOAD ./drivers/fsl_common.o
LOAD ./drivers/fsl_flash.o
LOAD ./drivers/fsl_gpio.o
LOAD ./drivers/fsl_lpuart.o
LOAD ./drivers/fsl_smc.o
LOAD ./drivers/fsl_uart.o
LOAD ./board/board.o
LOAD ./board/clock_config.o
LOAD ./board/peripherals.o
LOAD ./board/pin_mux.o
LOAD ./CMSIS/system_MKL43Z4.o
START GROUP
LOAD c:/nxp/mcuxpressoide_10.1.1_606/ide/tools/bin/../lib/gcc/arm-none-eabi/6.3.1/../../../../arm-none-eabi/lib/thumb/v6-m\libcr_semihost_nf.a
LOAD c:/nxp/mcuxpressoide_10.1.1_606/ide/tools/bin/../lib/gcc/arm-none-eabi/6.3.1/../../../../arm-none-eabi/lib/thumb/v6-m\libcr_c.a
LOAD c:/nxp/mcuxpressoide_10.1.1_606/ide/tools/bin/../lib/gcc/arm-none-eabi/6.3.1/thumb/v6-m\libcr_eabihelpers.a
END GROUP
                0x00000000                __base_PROGRAM_FLASH = 0x0
                0x00000000                __base_Flash = 0x0
                0x00040000                __top_PROGRAM_FLASH = 0x40000
                0x00040000                __top_Flash = 0x40000
                0x1fffe000                __base_SRAM = 0x1fffe000
                0x1fffe000                __base_RAM = 0x1fffe000
                0x20006000                __top_SRAM = 0x20006000
                0x20006000                __top_RAM = 0x20006000

.text           0x00000000     0x8060
 FILL mask 0xff
                0x00000000                __vectors_start__ = ABSOLUTE (.)
 *(.isr_vector)
 .isr_vector    0x00000000       0xc0 ./startup/startup_mkl43z4.o
                0x00000000                g_pfnVectors
                0x00000000                __Vectors
                0x000000c0                . = ALIGN (0x4)
                0x000000c0                __section_table_start = .
                0x000000c0                __data_section_table = .
                0x000000c0        0x4 LONG 0x8060 LOADADDR (.data)
                0x000000c4        0x4 LONG 0x1fffe080 ADDR (.data)
                0x000000c8        0x4 LONG 0x60 SIZEOF (.data)
                0x000000cc                __data_section_table_end = .
                0x000000cc                __bss_section_table = .
                0x000000cc        0x4 LONG 0x1fffe0e0 ADDR (.bss)
                0x000000d0        0x4 LONG 0x1bc SIZEOF (.bss)
                0x000000d4                __bss_section_table_end = .
                0x000000d4                __section_table_end = .
 *(.after_vectors*)
 .after_vectors.init_data
                0x000000d4       0x16 ./startup/startup_mkl43z4.o
                0x000000d4                data_init
 .after_vectors.init_bss
                0x000000ea       0x12 ./startup/startup_mkl43z4.o
                0x000000ea                bss_init
 .after_vectors.reset
                0x000000fc       0x4c ./startup/startup_mkl43z4.o
                0x000000fc                ResetISR
 .after_vectors
                0x00000148      0x10c ./startup/startup_mkl43z4.o
                0x00000148                NMI_Handler
                0x0000014c                SVC_Handler
                0x0000014e                PendSV_Handler
                0x00000150                SysTick_Handler
                0x00000152                PIT_DriverIRQHandler
                0x00000152                LPTMR0_DriverIRQHandler
                0x00000152                Reserved42_DriverIRQHandler
                0x00000152                PORTC_PORTD_DriverIRQHandler
                0x00000152                DMA0_DriverIRQHandler
                0x00000152                I2C0_DriverIRQHandler
                0x00000152                SPI1_DriverIRQHandler
                0x00000152                Reserved43_DriverIRQHandler
                0x00000152                I2S0_DriverIRQHandler
                0x00000152                DMA2_DriverIRQHandler
                0x00000152                TPM2_DriverIRQHandler
                0x00000152                CMP0_DriverIRQHandler
                0x00000152                ADC0_DriverIRQHandler
                0x00000152                RTC_Seconds_DriverIRQHandler
                0x00000152                LLWU_DriverIRQHandler
                0x00000152                SPI0_DriverIRQHandler
                0x00000152                I2C1_DriverIRQHandler
                0x00000152                DMA1_DriverIRQHandler
                0x00000152                FTFA_DriverIRQHandler
                0x00000152                IntDefaultHandler
                0x00000152                USB0_DriverIRQHandler
                0x00000152                DAC0_DriverIRQHandler
                0x00000152                TPM0_DriverIRQHandler
                0x00000152                PMC_DriverIRQHandler
                0x00000152                LCD_DriverIRQHandler
                0x00000152                RTC_DriverIRQHandler
                0x00000152                TPM1_DriverIRQHandler
                0x00000152                Reserved20_DriverIRQHandler
                0x00000152                DMA3_DriverIRQHandler
                0x00000152                PORTA_DriverIRQHandler
                0x00000152                UART2_FLEXIO_DriverIRQHandler
                0x00000154                DMA0_IRQHandler
                0x0000015c                DMA1_IRQHandler
                0x00000164                DMA2_IRQHandler
                0x0000016c                DMA3_IRQHandler
                0x00000174                Reserved20_IRQHandler
                0x0000017c                FTFA_IRQHandler
                0x00000184                PMC_IRQHandler
                0x0000018c                LLWU_IRQHandler
                0x00000194                I2C0_IRQHandler
                0x0000019c                I2C1_IRQHandler
                0x000001a4                SPI0_IRQHandler
                0x000001ac                SPI1_IRQHandler
                0x000001b4                LPUART0_IRQHandler
                0x000001bc                LPUART1_IRQHandler
                0x000001c4                UART2_FLEXIO_IRQHandler
                0x000001cc                ADC0_IRQHandler
                0x000001d4                CMP0_IRQHandler
                0x000001ec                TPM2_IRQHandler
                0x000001f4                RTC_IRQHandler
                0x000001fc                RTC_Seconds_IRQHandler
                0x00000204                PIT_IRQHandler
                0x0000020c                I2S0_IRQHandler
                0x00000214                USB0_IRQHandler
                0x0000021c                DAC0_IRQHandler
                0x00000224                Reserved42_IRQHandler
                0x0000022c                Reserved43_IRQHandler
                0x00000234                LPTMR0_IRQHandler
                0x0000023c                LCD_IRQHandler
                0x00000244                PORTA_IRQHandler
                0x00000400                . = 0x400
 *fill*         0x00000254      0x1ac ff
                0x00000400                PROVIDE (__FLASH_CONFIG_START__, .)
 *(.FlashConfig)
 .FlashConfig   0x00000400       0x10 ./startup/startup_mkl43z4.o
                0x00000400                Flash_Config
                0x00000410                PROVIDE (__FLASH_CONFIG_END__, .)
                0x00000001                ASSERT (! ((__FLASH_CONFIG_START__ == __FLASH_CONFIG_END__)), Linker Flash Config Support Enabled, but no .FlashConfig section provided within application)
 *(.text*)
 .text          0x00000410       0x60 ./utilities/fsl_debug_console.o
                0x00000410                DbgConsole_Init
                0x00000450                DbgConsole_Deinit
                0x00000460                DbgConsole_Flush
 .text          0x00000470      0x2f8 ./utilities/fsl_io.o
                0x00000570                IO_Init
                0x00000638                IO_Deinit
                0x0000068c                IO_WaitIdle
                0x000006d8                IO_Transfer
 .text          0x00000768      0x1ec ./utilities/fsl_log.o
                0x00000768                LOG_Init
                0x000007a8                LOG_Deinit
                0x000007b6                LOG_WaitIdle
                0x000007c6                LOG_Push
                0x000007f8                LOG_Pop
                0x00000846                LOG_ReadLine
                0x000008ec                LOG_ReadCharacter
 .text          0x00000954      0xc08 ./source/finproj.o
                0x00000adc                processBit
                0x00000b40                logFrameError
                0x00000b90                sumFrameErrors
                0x00000bd4                debugPrintFrame
                0x00000d6c                buffer
                0x00000e38                incrementWwvbMinute
                0x0000116c                delay
                0x00001198                main
                0x00001484                PORTC_PORTD_IRQHandler
                0x00001518                TPM0_IRQHandler
                0x00001540                TPM1_IRQHandler
 .text          0x0000155c       0x2c ./source/semihost_hardfault.o
                0x0000155c                HardFault_Handler
 .text          0x00001588      0x820 ./drivers/fsl_clock.o
                0x00001750                CLOCK_GetOsc0ErClkFreq
                0x0000178c                CLOCK_GetEr32kClkFreq
                0x00001800                CLOCK_GetPlatClkFreq
                0x0000182c                CLOCK_GetFlashClkFreq
                0x0000187c                CLOCK_GetBusClkFreq
                0x000018cc                CLOCK_GetCoreSysClkFreq
                0x000018f8                CLOCK_GetFreq
                0x000019b8                CLOCK_SetSimConfig
                0x000019e4                CLOCK_EnableUsbfs0Clock
                0x00001a80                CLOCK_GetInternalRefClkFreq
                0x00001ac8                CLOCK_GetPeriphClkFreq
                0x00001afc                CLOCK_GetOutClkFreq
                0x00001b74                CLOCK_GetMode
                0x00001bd8                CLOCK_SetMcgliteConfig
                0x00001ce8                CLOCK_InitOsc0
                0x00001d80                CLOCK_DeinitOsc0
 .text          0x00001da8     0x1278 ./drivers/fsl_flash.o
                0x00001da8                FLASH_Init
                0x00001e70                FLASH_PrepareExecuteInRamFunctions
                0x00001eb4                FLASH_EraseAll
                0x00001f14                FLASH_Erase
                0x00001ffc                FLASH_EraseAllUnsecure
                0x0000205c                FLASH_EraseAllExecuteOnlySegments
                0x000020bc                FLASH_Program
                0x000021b4                FLASH_ProgramOnce
                0x00002240                FLASH_ReadResource
                0x00002340                FLASH_ReadOnce
                0x000023c0                FLASH_GetSecurityState
                0x00002430                FLASH_SecurityBypass
                0x000024e0                FLASH_VerifyEraseAll
                0x00002520                FLASH_VerifyErase
                0x00002630                FLASH_VerifyProgram
                0x0000271c                FLASH_VerifyEraseAllExecuteOnlySegments
                0x0000275c                FLASH_IsProtected
                0x00002a18                FLASH_IsExecuteOnly
                0x00002a5a                FLASH_GetProperty
                0x00002b18                FLASH_SetProperty
                0x00002b5a                FLASH_PflashSetProtection
                0x00002b94                FLASH_PflashGetProtection
                0x00002bc4                FLASH_PflashSetPrefetchSpeculation
                0x00002c3c                FLASH_PflashGetPrefetchSpeculation
                0x00002d74                mcm_flash_cache_clear
                0x00002da0                flash_cache_clear
 .text          0x00003020     0x1224 ./drivers/fsl_lpuart.o
                0x000030f4                LPUART_GetInstance
                0x00003140                LPUART_TransferGetRxRingBufferLength
                0x00003288                LPUART_Init
                0x0000353c                LPUART_Deinit
                0x000035a8                LPUART_GetDefaultConfig
                0x00003604                LPUART_SetBaudRate
                0x00003798                LPUART_EnableInterrupts
                0x000037d2                LPUART_DisableInterrupts
                0x00003810                LPUART_GetEnabledInterrupts
                0x00003840                LPUART_GetStatusFlags
                0x00003858                LPUART_ClearStatusFlags
                0x000038e0                LPUART_WriteBlocking
                0x0000392c                LPUART_ReadBlocking
                0x00003a04                LPUART_TransferCreateHandle
                0x00003a90                LPUART_TransferStartRingBuffer
                0x00003af0                LPUART_TransferStopRingBuffer
                0x00003b48                LPUART_TransferSendNonBlocking
                0x00003bf4                LPUART_TransferAbortSend
                0x00003c34                LPUART_TransferGetSendCount
                0x00003c8c                LPUART_TransferReceiveNonBlocking
                0x00003e44                LPUART_TransferAbortReceive
                0x00003e8c                LPUART_TransferGetReceiveCount
                0x00003ee4                LPUART_TransferHandleIRQ
                0x000041e8                LPUART_TransferHandleErrorIRQ
                0x000041fa                LPUART0_DriverIRQHandler
                0x00004220                LPUART1_DriverIRQHandler
 .text          0x00004244      0x450 ./drivers/fsl_smc.o
                0x0000427a                SMC_PreEnterStopModes
                0x000042b0                SMC_PostExitStopModes
                0x000042e4                SMC_PreEnterWaitModes
                0x00004300                SMC_PostExitWaitModes
                0x0000431c                SMC_SetPowerModeRun
                0x0000435e                SMC_SetPowerModeWait
                0x0000438c                SMC_SetPowerModeStop
                0x00004444                SMC_SetPowerModeVlpr
                0x0000448a                SMC_SetPowerModeVlpw
                0x000044b8                SMC_SetPowerModeVlps
                0x00004534                SMC_SetPowerModeLls
                0x000045b0                SMC_SetPowerModeVlls
 .text          0x00004694     0x127c ./drivers/fsl_uart.o
                0x00004768                UART_GetInstance
                0x000047bc                UART_TransferGetRxRingBufferLength
                0x0000486c                UART_Init
                0x00004a84                UART_Deinit
                0x00004ac4                UART_GetDefaultConfig
                0x00004b08                UART_SetBaudRate
                0x00004c54                UART_EnableInterrupts
                0x00004cac                UART_DisableInterrupts
                0x00004d10                UART_GetEnabledInterrupts
                0x00004d48                UART_GetStatusFlags
                0x00004d6e                UART_ClearStatusFlags
                0x00004df0                UART_WriteBlocking
                0x00004e70                UART_ReadBlocking
                0x00004f50                UART_TransferCreateHandle
                0x00004fdc                UART_TransferStartRingBuffer
                0x0000505c                UART_TransferStopRingBuffer
                0x000050d0                UART_TransferSendNonBlocking
                0x00005178                UART_TransferAbortSend
                0x000051b8                UART_TransferGetSendCount
                0x00005210                UART_TransferReceiveNonBlocking
                0x000053e0                UART_TransferAbortReceive
                0x00005448                UART_TransferGetReceiveCount
                0x000054ac                UART_TransferHandleIRQ
                0x000058c8                UART_TransferHandleErrorIRQ
                0x000058da                UART2_DriverIRQHandler
                0x00005900                UART2_RX_TX_DriverIRQHandler
 .text          0x00005910       0x6c ./board/board.o
                0x00005948                BOARD_InitDebugConsole
 .text          0x0000597c       0xf4 ./board/clock_config.o
                0x000059d0                BOARD_InitBootClocks
                0x000059de                BOARD_BootClockRUN
                0x00005a14                BOARD_BootClockVLPR
 .text          0x00005a70        0xa ./board/peripherals.o
                0x00005a70                BOARD_InitBootPeripherals
 *fill*         0x00005a7a        0x2 ff
 .text          0x00005a7c       0xd0 ./board/pin_mux.o
                0x00005af4                BOARD_InitBootPins
                0x00005b02                BOARD_InitPins
 .text          0x00005b4c       0xe4 ./CMSIS/system_MKL43Z4.o
                0x00005b4c                SystemInit
                0x00005b88                SystemCoreClockUpdate
 .text.__main   0x00005c30        0xc c:/nxp/mcuxpressoide_10.1.1_606/ide/tools/bin/../lib/gcc/arm-none-eabi/6.3.1/../../../../arm-none-eabi/lib/thumb/v6-m\libcr_semihost_nf.a(_cr__main.o)
                0x00005c30                __CR_SEMIHOST
                0x00005c30                __main
 .text.__assertion_failed
                0x00005c3c       0x4c c:/nxp/mcuxpressoide_10.1.1_606/ide/tools/bin/../lib/gcc/arm-none-eabi/6.3.1/../../../../arm-none-eabi/lib/thumb/v6-m\libcr_semihost_nf.a(_cr_assert.o)
                0x00005c3c                __assertion_failed
 .text.__sys_appexit
                0x00005c88        0xc c:/nxp/mcuxpressoide_10.1.1_606/ide/tools/bin/../lib/gcc/arm-none-eabi/6.3.1/../../../../arm-none-eabi/lib/thumb/v6-m\libcr_semihost_nf.a(__sys_appexit.o)
                0x00005c88                __sys_appexit
                0x00005c88                __exit
 .text.memcpy   0x00005c94        0x8 c:/nxp/mcuxpressoide_10.1.1_606/ide/tools/bin/../lib/gcc/arm-none-eabi/6.3.1/../../../../arm-none-eabi/lib/thumb/v6-m\libcr_c.a(memcpy.o)
                0x00005c94                memcpy
 .text.memset   0x00005c9c        0x8 c:/nxp/mcuxpressoide_10.1.1_606/ide/tools/bin/../lib/gcc/arm-none-eabi/6.3.1/../../../../arm-none-eabi/lib/thumb/v6-m\libcr_c.a(memset.o)
                0x00005c9c                memset
 .text._deferredlazyseek
                0x00005ca4       0x40 c:/nxp/mcuxpressoide_10.1.1_606/ide/tools/bin/../lib/gcc/arm-none-eabi/6.3.1/../../../../arm-none-eabi/lib/thumb/v6-m\libcr_c.a(_deferredlazyseek.o)
                0x00005ca4                _deferredlazyseek
 .text.__flsbuf
                0x00005ce4      0x150 c:/nxp/mcuxpressoide_10.1.1_606/ide/tools/bin/../lib/gcc/arm-none-eabi/6.3.1/../../../../arm-none-eabi/lib/thumb/v6-m\libcr_c.a(_deferredlazyseek.o)
                0x00005ce4                __flsbuf
 .text._fflush  0x00005e34       0x5c c:/nxp/mcuxpressoide_10.1.1_606/ide/tools/bin/../lib/gcc/arm-none-eabi/6.3.1/../../../../arm-none-eabi/lib/thumb/v6-m\libcr_c.a(_fflush.o)
                0x00005e34                _fflush
 .text._Cwritebuf
                0x00005e90       0x68 c:/nxp/mcuxpressoide_10.1.1_606/ide/tools/bin/../lib/gcc/arm-none-eabi/6.3.1/../../../../arm-none-eabi/lib/thumb/v6-m\libcr_c.a(_writebuf.o)
                0x00005e90                _Cwritebuf
 .text.malloc   0x00005ef8       0xcc c:/nxp/mcuxpressoide_10.1.1_606/ide/tools/bin/../lib/gcc/arm-none-eabi/6.3.1/../../../../arm-none-eabi/lib/thumb/v6-m\libcr_c.a(alloc.o)
                0x00005ef8                malloc
 .text.free     0x00005fc4       0x2c c:/nxp/mcuxpressoide_10.1.1_606/ide/tools/bin/../lib/gcc/arm-none-eabi/6.3.1/../../../../arm-none-eabi/lib/thumb/v6-m\libcr_c.a(alloc.o)
                0x00005fc4                free
 .text._Csys_alloc
                0x00005ff0       0x20 c:/nxp/mcuxpressoide_10.1.1_606/ide/tools/bin/../lib/gcc/arm-none-eabi/6.3.1/../../../../arm-none-eabi/lib/thumb/v6-m\libcr_c.a(alloc.o)
                0x00005ff0                _Csys_alloc
 .text.fputs    0x00006010       0x2e c:/nxp/mcuxpressoide_10.1.1_606/ide/tools/bin/../lib/gcc/arm-none-eabi/6.3.1/../../../../arm-none-eabi/lib/thumb/v6-m\libcr_c.a(fputs.o)
                0x00006010                fputs
 *fill*         0x0000603e        0x2 ff
 .text.fseek    0x00006040       0xf0 c:/nxp/mcuxpressoide_10.1.1_606/ide/tools/bin/../lib/gcc/arm-none-eabi/6.3.1/../../../../arm-none-eabi/lib/thumb/v6-m\libcr_c.a(fseek.o)
                0x00006040                fseek
 .text.ftell    0x00006130       0x48 c:/nxp/mcuxpressoide_10.1.1_606/ide/tools/bin/../lib/gcc/arm-none-eabi/6.3.1/../../../../arm-none-eabi/lib/thumb/v6-m\libcr_c.a(ftell.o)
                0x00006130                ftell
 .text._initio  0x00006178       0x7c c:/nxp/mcuxpressoide_10.1.1_606/ide/tools/bin/../lib/gcc/arm-none-eabi/6.3.1/../../../../arm-none-eabi/lib/thumb/v6-m\libcr_c.a(initio.o)
                0x00006178                _initio
 .text.no_fp_display
                0x000061f4        0x4 c:/nxp/mcuxpressoide_10.1.1_606/ide/tools/bin/../lib/gcc/arm-none-eabi/6.3.1/../../../../arm-none-eabi/lib/thumb/v6-m\libcr_c.a(printf.o)
 .text.__vfprintf
                0x000061f8      0xce0 c:/nxp/mcuxpressoide_10.1.1_606/ide/tools/bin/../lib/gcc/arm-none-eabi/6.3.1/../../../../arm-none-eabi/lib/thumb/v6-m\libcr_c.a(printf.o)
                0x000061f8                __vfprintf
 .text._fprintf
                0x00006ed8       0x2c c:/nxp/mcuxpressoide_10.1.1_606/ide/tools/bin/../lib/gcc/arm-none-eabi/6.3.1/../../../../arm-none-eabi/lib/thumb/v6-m\libcr_c.a(printf.o)
                0x00006ed8                _fprintf
 .text._vsnprintf
                0x00006f04       0x60 c:/nxp/mcuxpressoide_10.1.1_606/ide/tools/bin/../lib/gcc/arm-none-eabi/6.3.1/../../../../arm-none-eabi/lib/thumb/v6-m\libcr_c.a(printf.o)
                0x00006f04                _vsnprintf
 .text._printf  0x00006f64       0x50 c:/nxp/mcuxpressoide_10.1.1_606/ide/tools/bin/../lib/gcc/arm-none-eabi/6.3.1/../../../../arm-none-eabi/lib/thumb/v6-m\libcr_c.a(printf.o)
                0x00006f64                _printf
 .text.setvbuf  0x00006fb4       0x48 c:/nxp/mcuxpressoide_10.1.1_606/ide/tools/bin/../lib/gcc/arm-none-eabi/6.3.1/../../../../arm-none-eabi/lib/thumb/v6-m\libcr_c.a(setvbuf.o)
                0x00006fb4                setvbuf
 .text.strlen   0x00006ffc       0x58 c:/nxp/mcuxpressoide_10.1.1_606/ide/tools/bin/../lib/gcc/arm-none-eabi/6.3.1/../../../../arm-none-eabi/lib/thumb/v6-m\libcr_c.a(strlen.o)
                0x00006ffc                strlen
 .text._sbrk    0x00007054       0x40 c:/nxp/mcuxpressoide_10.1.1_606/ide/tools/bin/../lib/gcc/arm-none-eabi/6.3.1/../../../../arm-none-eabi/lib/thumb/v6-m\libcr_c.a(_cr_sbrk.o)
                0x00007054                _sbrk
 .text._fdopen  0x00007094       0x74 c:/nxp/mcuxpressoide_10.1.1_606/ide/tools/bin/../lib/gcc/arm-none-eabi/6.3.1/../../../../arm-none-eabi/lib/thumb/v6-m\libcr_c.a(_fdopen.o)
                0x00007094                _fdopen
 .text.fclose   0x00007108       0x5c c:/nxp/mcuxpressoide_10.1.1_606/ide/tools/bin/../lib/gcc/arm-none-eabi/6.3.1/../../../../arm-none-eabi/lib/thumb/v6-m\libcr_c.a(fclose.o)
                0x00007108                fclose
 .text.fflush   0x00007164       0x44 c:/nxp/mcuxpressoide_10.1.1_606/ide/tools/bin/../lib/gcc/arm-none-eabi/6.3.1/../../../../arm-none-eabi/lib/thumb/v6-m\libcr_c.a(fflush.o)
                0x00007164                fflush
 .text.remove   0x000071a8       0x12 c:/nxp/mcuxpressoide_10.1.1_606/ide/tools/bin/../lib/gcc/arm-none-eabi/6.3.1/../../../../arm-none-eabi/lib/thumb/v6-m\libcr_c.a(remove.o)
                0x000071a8                remove
 *fill*         0x000071ba        0x2 ff
 .text.__check_heap_overflow
                0x000071bc       0x18 c:/nxp/mcuxpressoide_10.1.1_606/ide/tools/bin/../lib/gcc/arm-none-eabi/6.3.1/../../../../arm-none-eabi/lib/thumb/v6-m\libcr_c.a(_cr_check_heap.o)
                0x000071bc                __check_heap_overflow
 .text._do_fflush
                0x000071d4       0x44 c:/nxp/mcuxpressoide_10.1.1_606/ide/tools/bin/../lib/gcc/arm-none-eabi/6.3.1/../../../../arm-none-eabi/lib/thumb/v6-m\libcr_c.a(_do_fflush.o)
                0x000071d4                _do_fflush
 .text.__aeabi_division_idivmod
                0x00007218       0x78 c:/nxp/mcuxpressoide_10.1.1_606/ide/tools/bin/../lib/gcc/arm-none-eabi/6.3.1/thumb/v6-m\libcr_eabihelpers.a(division_32.o)
                0x00007218                __aeabi_idivmod
                0x00007218                __aeabi_idiv
                0x0000721e                __aeabi_uidivmod
                0x0000721e                __aeabi_uidiv
 .text.__aeabi_division_idiv0
                0x00007290        0x2 c:/nxp/mcuxpressoide_10.1.1_606/ide/tools/bin/../lib/gcc/arm-none-eabi/6.3.1/thumb/v6-m\libcr_eabihelpers.a(division_idiv0.o)
                0x00007290                __aeabi_idiv0
 .text.__aeabi_llong_lmul
                0x00007292       0x2e c:/nxp/mcuxpressoide_10.1.1_606/ide/tools/bin/../lib/gcc/arm-none-eabi/6.3.1/thumb/v6-m\libcr_eabihelpers.a(llong.o)
                0x00007292                __aeabi_lmul
 .text.__aeabi_memcpy
                0x000072c0       0x2c c:/nxp/mcuxpressoide_10.1.1_606/ide/tools/bin/../lib/gcc/arm-none-eabi/6.3.1/thumb/v6-m\libcr_eabihelpers.a(memcpy.o)
                0x000072c0                __aeabi_memcpy4
                0x000072c0                __aeabi_memcpy8
                0x000072c0                __aeabi_memcpy
 .text.__aeabi_memset_lowlevel
                0x000072ec       0x2a c:/nxp/mcuxpressoide_10.1.1_606/ide/tools/bin/../lib/gcc/arm-none-eabi/6.3.1/thumb/v6-m\libcr_eabihelpers.a(memcpy.o)
                0x000072ec                __aeabi_lowlevel_memset
 .text.__sys_close
                0x00007316        0xc c:/nxp/mcuxpressoide_10.1.1_606/ide/tools/bin/../lib/gcc/arm-none-eabi/6.3.1/../../../../arm-none-eabi/lib/thumb/v6-m\libcr_semihost_nf.a(__sys_close.o)
                0x00007316                __sys_close
 .text.__sys_flen
                0x00007322        0xc c:/nxp/mcuxpressoide_10.1.1_606/ide/tools/bin/../lib/gcc/arm-none-eabi/6.3.1/../../../../arm-none-eabi/lib/thumb/v6-m\libcr_semihost_nf.a(__sys_flen.o)
                0x00007322                __sys_flen
 .text.__sys_istty
                0x0000732e        0xc c:/nxp/mcuxpressoide_10.1.1_606/ide/tools/bin/../lib/gcc/arm-none-eabi/6.3.1/../../../../arm-none-eabi/lib/thumb/v6-m\libcr_semihost_nf.a(__sys_istty.o)
                0x0000732e                __sys_istty
 .text.__sys_remove
                0x0000733a        0xc c:/nxp/mcuxpressoide_10.1.1_606/ide/tools/bin/../lib/gcc/arm-none-eabi/6.3.1/../../../../arm-none-eabi/lib/thumb/v6-m\libcr_semihost_nf.a(__sys_remove.o)
                0x0000733a                __sys_remove
 .text.__sys_seek
                0x00007346        0xc c:/nxp/mcuxpressoide_10.1.1_606/ide/tools/bin/../lib/gcc/arm-none-eabi/6.3.1/../../../../arm-none-eabi/lib/thumb/v6-m\libcr_semihost_nf.a(__sys_seek.o)
                0x00007346                __sys_seek
 .text.__sys_tmpnam
                0x00007352        0xc c:/nxp/mcuxpressoide_10.1.1_606/ide/tools/bin/../lib/gcc/arm-none-eabi/6.3.1/../../../../arm-none-eabi/lib/thumb/v6-m\libcr_semihost_nf.a(__sys_tmpnam.o)
                0x00007352                __sys_tmpnam
 .text.__sys_write
                0x0000735e        0xc c:/nxp/mcuxpressoide_10.1.1_606/ide/tools/bin/../lib/gcc/arm-none-eabi/6.3.1/../../../../arm-none-eabi/lib/thumb/v6-m\libcr_semihost_nf.a(__sys_write.o)
                0x0000735e                __sys_write
 *(.rodata .rodata.* .constdata .constdata.*)
 *fill*         0x0000736a        0x2 ff
 .rodata        0x0000736c       0x50 ./utilities/fsl_debug_console.o
 .rodata        0x000073bc       0x27 ./utilities/fsl_io.o
 *fill*         0x000073e3        0x1 ff
 .rodata        0x000073e4       0x80 ./utilities/fsl_log.o
 .rodata        0x00007464       0x6e ./source/finproj.o
 *fill*         0x000074d2        0x2 ff
 .rodata        0x000074d4      0x108 ./drivers/fsl_clock.o
 .rodata        0x000075dc       0x78 ./drivers/fsl_flash.o
                0x000075dc                kFCCOBx
                0x000075e0                kFPROTL
                0x0000760c                kPFlashDensities
 .rodata        0x00007654      0x4ee ./drivers/fsl_lpuart.o
 *fill*         0x00007b42        0x2 ff
 .rodata        0x00007b44        0x2 ./drivers/fsl_smc.o
 *fill*         0x00007b46        0x2 ff
 .rodata        0x00007b48      0x477 ./drivers/fsl_uart.o
 *fill*         0x00007fbf        0x1 ff
 .rodata        0x00007fc0       0x30 ./board/clock_config.o
                0x00007fc0                mcgliteConfig_BOARD_BootClockRUN
                0x00007fc8                simConfig_BOARD_BootClockRUN
                0x00007fd0                oscConfig_BOARD_BootClockRUN
                0x00007fd8                mcgliteConfig_BOARD_BootClockVLPR
                0x00007fe0                simConfig_BOARD_BootClockVLPR
                0x00007fe8                oscConfig_BOARD_BootClockVLPR
 .rodata.__assertion_failed.str1.1
                0x00007ff0       0x15 c:/nxp/mcuxpressoide_10.1.1_606/ide/tools/bin/../lib/gcc/arm-none-eabi/6.3.1/../../../../arm-none-eabi/lib/thumb/v6-m\libcr_semihost_nf.a(_cr_assert.o)
 *fill*         0x00008005        0x3 ff
 .rodata.__num_Ciob_streams
                0x00008008        0x4 c:/nxp/mcuxpressoide_10.1.1_606/ide/tools/bin/../lib/gcc/arm-none-eabi/6.3.1/../../../../arm-none-eabi/lib/thumb/v6-m\libcr_semihost_nf.a(__ciob.o)
                0x00008008                __num_Ciob_streams
 .rodata._Csys_alloc.str1.1
                0x0000800c       0x18 c:/nxp/mcuxpressoide_10.1.1_606/ide/tools/bin/../lib/gcc/arm-none-eabi/6.3.1/../../../../arm-none-eabi/lib/thumb/v6-m\libcr_c.a(alloc.o)
 .rodata._initio.str1.1
                0x00008024        0x4 c:/nxp/mcuxpressoide_10.1.1_606/ide/tools/bin/../lib/gcc/arm-none-eabi/6.3.1/../../../../arm-none-eabi/lib/thumb/v6-m\libcr_c.a(initio.o)
 .rodata.__vfprintf.str1.1
                0x00008028       0x35 c:/nxp/mcuxpressoide_10.1.1_606/ide/tools/bin/../lib/gcc/arm-none-eabi/6.3.1/../../../../arm-none-eabi/lib/thumb/v6-m\libcr_c.a(printf.o)
                                 0x38 (size before relaxing)
                0x00008060                . = ALIGN (0x4)
 *fill*         0x0000805d        0x3 ff

.glue_7         0x00008060        0x0
 .glue_7        0x00008060        0x0 linker stubs

.glue_7t        0x00008060        0x0
 .glue_7t       0x00008060        0x0 linker stubs

.vfp11_veneer   0x00008060        0x0
 .vfp11_veneer  0x00008060        0x0 linker stubs

.v4_bx          0x00008060        0x0
 .v4_bx         0x00008060        0x0 linker stubs

.iplt           0x00008060        0x0
 .iplt          0x00008060        0x0 ./utilities/fsl_debug_console.o

.rel.dyn        0x00008060        0x0
 .rel.iplt      0x00008060        0x0 ./utilities/fsl_debug_console.o

.ARM.extab
 *(.ARM.extab* .gnu.linkonce.armextab.*)
                0x00008060                __exidx_start = .

.ARM.exidx
 *(.ARM.exidx* .gnu.linkonce.armexidx.*)
                0x00008060                __exidx_end = .
                0x00008060                _etext = .

.m_usb_data
 *(m_usb_bdt)

.mtb_buffer_default
                0x1fffe000       0x80
 *(.mtb*)
 .mtb.$RAM1     0x1fffe000       0x80 ./source/mtb.o
                0x1fffe000                __mtb_buffer__

.uninit_RESERVED
                0x1fffe080        0x0
 *(.bss.$RESERVED*)
                0x1fffe080                . = ALIGN (0x4)
                0x1fffe080                _end_uninit_RESERVED = .

.data           0x1fffe080       0x60 load address 0x00008060
 FILL mask 0xff
                0x1fffe080                _data = .
 *(vtable)
 *(.ramfunc*)
 *(.data*)
 .data          0x1fffe080       0x5a ./source/finproj.o
                0x1fffe080                months
                0x1fffe0b0                eomYear
                0x1fffe0cc                bitPosition
                0x1fffe0cd                lastBit
                0x1fffe0d0                errors
 *fill*         0x1fffe0da        0x2 ff
 .data          0x1fffe0dc        0x4 ./CMSIS/system_MKL43Z4.o
                0x1fffe0dc                SystemCoreClock
                0x1fffe0e0                . = ALIGN (0x4)
                0x1fffe0e0                _edata = .

.igot.plt       0x1fffe0e0        0x0 load address 0x000080c0
 .igot.plt      0x1fffe0e0        0x0 ./utilities/fsl_debug_console.o

.bss            0x1fffe0e0      0x1bc load address 0x000080c0
                0x1fffe0e0                _bss = .
 *(.bss*)
 .bss           0x1fffe0e0        0x8 ./utilities/fsl_io.o
 .bss           0x1fffe0e8       0x38 ./source/finproj.o
                0x1fffe0e8                time_elapsed
                0x1fffe0ec                pulseStartTime
                0x1fffe0f0                pulseEndTime
                0x1fffe0f4                frameEndTime
                0x1fffe0f8                wasMark
                0x1fffe0fc                framePosition
                0x1fffe0fd                errIdx
                0x1fffe0fe                bitError
                0x1fffe100                frameError
                0x1fffe104                wwvb_hour
                0x1fffe105                wwvb_minute
                0x1fffe106                wwvb_day
                0x1fffe107                wwvb_year
                0x1fffe108                wwvbFrame
                0x1fffe110                receiveBuffer
                0x1fffe118                lastFrameBuffer
 .bss           0x1fffe120        0x8 ./drivers/fsl_clock.o
                0x1fffe120                g_xtal0Freq
                0x1fffe124                g_xtal32Freq
 .bss           0x1fffe128       0x94 ./drivers/fsl_flash.o
 .bss           0x1fffe1bc        0xc ./drivers/fsl_lpuart.o
 .bss           0x1fffe1c8        0x4 ./drivers/fsl_smc.o
 .bss           0x1fffe1cc       0x10 ./drivers/fsl_uart.o
 .bss.__Ciob    0x1fffe1dc       0xb4 c:/nxp/mcuxpressoide_10.1.1_606/ide/tools/bin/../lib/gcc/arm-none-eabi/6.3.1/../../../../arm-none-eabi/lib/thumb/v6-m\libcr_semihost_nf.a(__ciob.o)
                0x1fffe1dc                __Ciob
 .bss.__end_of_heap
                0x1fffe290        0x4 c:/nxp/mcuxpressoide_10.1.1_606/ide/tools/bin/../lib/gcc/arm-none-eabi/6.3.1/../../../../arm-none-eabi/lib/thumb/v6-m\libcr_c.a(__init_alloc.o)
                0x1fffe290                __end_of_heap
 .bss.__heaps   0x1fffe294        0x4 c:/nxp/mcuxpressoide_10.1.1_606/ide/tools/bin/../lib/gcc/arm-none-eabi/6.3.1/../../../../arm-none-eabi/lib/thumb/v6-m\libcr_c.a(__init_alloc.o)
                0x1fffe294                __heaps
 .bss.errno     0x1fffe298        0x4 c:/nxp/mcuxpressoide_10.1.1_606/ide/tools/bin/../lib/gcc/arm-none-eabi/6.3.1/../../../../arm-none-eabi/lib/thumb/v6-m\libcr_c.a(errno.o)
                0x1fffe298                errno
 *(COMMON)
                0x1fffe29c                . = ALIGN (0x4)
                0x1fffe29c                _ebss = .
                [!provide]                PROVIDE (end, .)

.noinit         0x1fffe29c        0x0 load address 0x000080c0
                0x1fffe29c                _noinit = .
 *(.noinit*)
                0x1fffe29c                . = ALIGN (0x4)
                0x1fffe29c                _end_noinit = .
                0x00000800                _HeapSize = 0x800

.heap           0x1fffe29c      0x800 load address 0x000080c0
                0x1fffe29c                _pvHeapStart = .
                0x1fffea9c                . = (. + _HeapSize)
 *fill*         0x1fffe29c      0x800 
                0x1fffea9c                . = ALIGN (0x4)
                0x1fffea9c                _pvHeapLimit = .
                0x00000800                _StackSize = 0x800

.heap2stackfill
                0x1fffea9c      0x800 load address 0x000080c0
                0x1ffff29c                . = (. + _StackSize)
 *fill*         0x1fffea9c      0x800 

.stack          0x20005800        0x0
                0x20005800                _vStackBase = .
                0x20005800                . = ALIGN (0x4)
                0x20006000                _vStackTop = (. + _StackSize)
                0x00000000                _image_start = LOADADDR (.text)
                0x000080c0                _image_end = (LOADADDR (.data) + SIZEOF (.data))
                0x000080c0                _image_size = (_image_end - _image_start)
OUTPUT(finproj.axf elf32-littlearm)

.debug_info     0x00000000     0xa15e
 .debug_info    0x00000000      0x2b9 ./utilities/fsl_debug_console.o
 .debug_info    0x000002b9      0xa63 ./utilities/fsl_io.o
 .debug_info    0x00000d1c      0x32f ./utilities/fsl_log.o
 .debug_info    0x0000104b      0x4a2 ./startup/startup_mkl43z4.o
 .debug_info    0x000014ed     0x1369 ./source/finproj.o
 .debug_info    0x00002856       0x51 ./source/mtb.o
 .debug_info    0x000028a7       0x3b ./source/semihost_hardfault.o
 .debug_info    0x000028e2     0x1176 ./drivers/fsl_clock.o
 .debug_info    0x00003a58     0x1987 ./drivers/fsl_flash.o
 .debug_info    0x000053df     0x1517 ./drivers/fsl_lpuart.o
 .debug_info    0x000068f6      0x95a ./drivers/fsl_smc.o
 .debug_info    0x00007250     0x1512 ./drivers/fsl_uart.o
 .debug_info    0x00008762      0x738 ./board/board.o
 .debug_info    0x00008e9a      0x8ad ./board/clock_config.o
 .debug_info    0x00009747       0x3b ./board/peripherals.o
 .debug_info    0x00009782      0x591 ./board/pin_mux.o
 .debug_info    0x00009d13      0x44b ./CMSIS/system_MKL43Z4.o

.debug_abbrev   0x00000000     0x1d85
 .debug_abbrev  0x00000000       0xfe ./utilities/fsl_debug_console.o
 .debug_abbrev  0x000000fe      0x229 ./utilities/fsl_io.o
 .debug_abbrev  0x00000327      0x177 ./utilities/fsl_log.o
 .debug_abbrev  0x0000049e      0x16d ./startup/startup_mkl43z4.o
 .debug_abbrev  0x0000060b      0x322 ./source/finproj.o
 .debug_abbrev  0x0000092d       0x41 ./source/mtb.o
 .debug_abbrev  0x0000096e       0x2f ./source/semihost_hardfault.o
 .debug_abbrev  0x0000099d      0x2d2 ./drivers/fsl_clock.o
 .debug_abbrev  0x00000c6f      0x265 ./drivers/fsl_flash.o
 .debug_abbrev  0x00000ed4      0x2d4 ./drivers/fsl_lpuart.o
 .debug_abbrev  0x000011a8      0x2bd ./drivers/fsl_smc.o
 .debug_abbrev  0x00001465      0x306 ./drivers/fsl_uart.o
 .debug_abbrev  0x0000176b      0x185 ./board/board.o
 .debug_abbrev  0x000018f0      0x195 ./board/clock_config.o
 .debug_abbrev  0x00001a85       0x2f ./board/peripherals.o
 .debug_abbrev  0x00001ab4      0x195 ./board/pin_mux.o
 .debug_abbrev  0x00001c49      0x13c ./CMSIS/system_MKL43Z4.o

.debug_aranges  0x00000000      0x358
 .debug_aranges
                0x00000000       0x20 ./utilities/fsl_debug_console.o
 .debug_aranges
                0x00000020       0x20 ./utilities/fsl_io.o
 .debug_aranges
                0x00000040       0x20 ./utilities/fsl_log.o
 .debug_aranges
                0x00000060      0x160 ./startup/startup_mkl43z4.o
 .debug_aranges
                0x000001c0       0x20 ./source/finproj.o
 .debug_aranges
                0x000001e0       0x18 ./source/mtb.o
 .debug_aranges
                0x000001f8       0x20 ./source/semihost_hardfault.o
 .debug_aranges
                0x00000218       0x20 ./drivers/fsl_clock.o
 .debug_aranges
                0x00000238       0x20 ./drivers/fsl_flash.o
 .debug_aranges
                0x00000258       0x20 ./drivers/fsl_lpuart.o
 .debug_aranges
                0x00000278       0x20 ./drivers/fsl_smc.o
 .debug_aranges
                0x00000298       0x20 ./drivers/fsl_uart.o
 .debug_aranges
                0x000002b8       0x20 ./board/board.o
 .debug_aranges
                0x000002d8       0x20 ./board/clock_config.o
 .debug_aranges
                0x000002f8       0x20 ./board/peripherals.o
 .debug_aranges
                0x00000318       0x20 ./board/pin_mux.o
 .debug_aranges
                0x00000338       0x20 ./CMSIS/system_MKL43Z4.o

.debug_macro    0x00000000     0xcfc8
 .debug_macro   0x00000000      0x139 ./utilities/fsl_debug_console.o
 .debug_macro   0x00000139      0x8da ./utilities/fsl_debug_console.o
 .debug_macro   0x00000a13       0x10 ./utilities/fsl_debug_console.o
 .debug_macro   0x00000a23       0x16 ./utilities/fsl_debug_console.o
 .debug_macro   0x00000a39       0x10 ./utilities/fsl_debug_console.o
 .debug_macro   0x00000a49      0x12d ./utilities/fsl_debug_console.o
 .debug_macro   0x00000b76       0x28 ./utilities/fsl_debug_console.o
 .debug_macro   0x00000b9e       0x16 ./utilities/fsl_debug_console.o
 .debug_macro   0x00000bb4       0x22 ./utilities/fsl_debug_console.o
 .debug_macro   0x00000bd6      0x5b2 ./utilities/fsl_debug_console.o
 .debug_macro   0x00001188       0x10 ./utilities/fsl_debug_console.o
 .debug_macro   0x00001198       0x3f ./utilities/fsl_debug_console.o
 .debug_macro   0x000011d7       0x1c ./utilities/fsl_debug_console.o
 .debug_macro   0x000011f3       0x22 ./utilities/fsl_debug_console.o
 .debug_macro   0x00001215       0xaf ./utilities/fsl_debug_console.o
 .debug_macro   0x000012c4      0x37c ./utilities/fsl_debug_console.o
 .debug_macro   0x00001640       0x3e ./utilities/fsl_debug_console.o
 .debug_macro   0x0000167e     0x8f6f ./utilities/fsl_debug_console.o
 .debug_macro   0x0000a5ed     0x142e ./utilities/fsl_debug_console.o
 .debug_macro   0x0000ba1b       0x46 ./utilities/fsl_debug_console.o
 .debug_macro   0x0000ba61       0xf9 ./utilities/fsl_debug_console.o
 .debug_macro   0x0000bb5a       0x5f ./utilities/fsl_debug_console.o
 .debug_macro   0x0000bbb9       0xd2 ./utilities/fsl_debug_console.o
 .debug_macro   0x0000bc8b       0x1c ./utilities/fsl_debug_console.o
 .debug_macro   0x0000bca7       0x43 ./utilities/fsl_debug_console.o
 .debug_macro   0x0000bcea      0x110 ./utilities/fsl_io.o
 .debug_macro   0x0000bdfa       0x1c ./utilities/fsl_io.o
 .debug_macro   0x0000be16       0x10 ./utilities/fsl_io.o
 .debug_macro   0x0000be26       0x10 ./utilities/fsl_io.o
 .debug_macro   0x0000be36      0x134 ./utilities/fsl_log.o
 .debug_macro   0x0000bf6a       0x29 ./startup/startup_mkl43z4.o
 .debug_macro   0x0000bf93      0x130 ./source/finproj.o
 .debug_macro   0x0000c0c3       0xd8 ./source/finproj.o
 .debug_macro   0x0000c19b       0x10 ./source/finproj.o
 .debug_macro   0x0000c1ab       0x10 ./source/finproj.o
 .debug_macro   0x0000c1bb      0x140 ./source/finproj.o
 .debug_macro   0x0000c2fb       0x16 ./source/finproj.o
 .debug_macro   0x0000c311       0x2f ./source/mtb.o
 .debug_macro   0x0000c340       0x82 ./source/mtb.o
 .debug_macro   0x0000c3c2       0x10 ./source/mtb.o
 .debug_macro   0x0000c3d2       0x11 ./source/semihost_hardfault.o
 .debug_macro   0x0000c3e3      0x11b ./drivers/fsl_clock.o
 .debug_macro   0x0000c4fe      0x36d ./drivers/fsl_flash.o
 .debug_macro   0x0000c86b       0x43 ./drivers/fsl_flash.o
 .debug_macro   0x0000c8ae       0xef ./drivers/fsl_lpuart.o
 .debug_macro   0x0000c99d       0xf8 ./drivers/fsl_smc.o
 .debug_macro   0x0000ca95       0x49 ./drivers/fsl_smc.o
 .debug_macro   0x0000cade       0xf5 ./drivers/fsl_uart.o
 .debug_macro   0x0000cbd3      0x12e ./board/board.o
 .debug_macro   0x0000cd01      0x114 ./board/clock_config.o
 .debug_macro   0x0000ce15       0x1b ./board/peripherals.o
 .debug_macro   0x0000ce30       0xf1 ./board/pin_mux.o
 .debug_macro   0x0000cf21       0x10 ./board/pin_mux.o
 .debug_macro   0x0000cf31       0x97 ./CMSIS/system_MKL43Z4.o

.debug_line     0x00000000     0x318c
 .debug_line    0x00000000      0x301 ./utilities/fsl_debug_console.o
 .debug_line    0x00000301      0x350 ./utilities/fsl_io.o
 .debug_line    0x00000651      0x316 ./utilities/fsl_log.o
 .debug_line    0x00000967      0x128 ./startup/startup_mkl43z4.o
 .debug_line    0x00000a8f      0x446 ./source/finproj.o
 .debug_line    0x00000ed5       0x95 ./source/mtb.o
 .debug_line    0x00000f6a       0x54 ./source/semihost_hardfault.o
 .debug_line    0x00000fbe      0x358 ./drivers/fsl_clock.o
 .debug_line    0x00001316      0x55c ./drivers/fsl_flash.o
 .debug_line    0x00001872      0x58a ./drivers/fsl_lpuart.o
 .debug_line    0x00001dfc      0x38e ./drivers/fsl_smc.o
 .debug_line    0x0000218a      0x570 ./drivers/fsl_uart.o
 .debug_line    0x000026fa      0x319 ./board/board.o
 .debug_line    0x00002a13      0x2c8 ./board/clock_config.o
 .debug_line    0x00002cdb       0x58 ./board/peripherals.o
 .debug_line    0x00002d33      0x2af ./board/pin_mux.o
 .debug_line    0x00002fe2      0x1aa ./CMSIS/system_MKL43Z4.o

.debug_str      0x00000000    0x55b1f
 .debug_str     0x00000000    0x4ea81 ./utilities/fsl_debug_console.o
                              0x4ec97 (size before relaxing)
 .debug_str     0x0004ea81      0xcbf ./utilities/fsl_io.o
                              0x4f55c (size before relaxing)
 .debug_str     0x0004f740      0x1d8 ./utilities/fsl_log.o
                              0x4e9a0 (size before relaxing)
 .debug_str     0x0004f918      0x3f0 ./startup/startup_mkl43z4.o
                               0x298e (size before relaxing)
 .debug_str     0x0004fd08     0x1264 ./source/finproj.o
                              0x5017e (size before relaxing)
 .debug_str     0x00050f6c      0x532 ./source/mtb.o
                               0x2a80 (size before relaxing)
 .debug_str     0x0005149e       0x1f ./source/semihost_hardfault.o
                               0x2571 (size before relaxing)
 .debug_str     0x000514bd      0xa61 ./drivers/fsl_clock.o
                              0x4f9c4 (size before relaxing)
 .debug_str     0x00051f1e     0x2679 ./drivers/fsl_flash.o
                              0x512f0 (size before relaxing)
 .debug_str     0x00054597      0x8bc ./drivers/fsl_lpuart.o
                              0x4fd25 (size before relaxing)
 .debug_str     0x00054e53      0x393 ./drivers/fsl_smc.o
                              0x4f23a (size before relaxing)
 .debug_str     0x000551e6      0x457 ./drivers/fsl_uart.o
                              0x4fb0e (size before relaxing)
 .debug_str     0x0005563d       0x4d ./board/board.o
                              0x4f86d (size before relaxing)
 .debug_str     0x0005568a      0x26d ./board/clock_config.o
                              0x4f279 (size before relaxing)
 .debug_str     0x000558f7       0x31 ./board/peripherals.o
                               0x2582 (size before relaxing)
 .debug_str     0x00055928      0x18b ./board/pin_mux.o
                              0x4ea0a (size before relaxing)
 .debug_str     0x00055ab3       0x6c ./CMSIS/system_MKL43Z4.o
                              0x4daad (size before relaxing)

.comment        0x00000000       0x7f
 .comment       0x00000000       0x7f ./utilities/fsl_debug_console.o
                                 0x80 (size before relaxing)
 .comment       0x0000007f       0x80 ./utilities/fsl_io.o
 .comment       0x0000007f       0x80 ./utilities/fsl_log.o
 .comment       0x0000007f       0x80 ./startup/startup_mkl43z4.o
 .comment       0x0000007f       0x80 ./source/finproj.o
 .comment       0x0000007f       0x80 ./source/mtb.o
 .comment       0x0000007f       0x80 ./source/semihost_hardfault.o
 .comment       0x0000007f       0x80 ./drivers/fsl_clock.o
 .comment       0x0000007f       0x80 ./drivers/fsl_flash.o
 .comment       0x0000007f       0x80 ./drivers/fsl_lpuart.o
 .comment       0x0000007f       0x80 ./drivers/fsl_smc.o
 .comment       0x0000007f       0x80 ./drivers/fsl_uart.o
 .comment       0x0000007f       0x80 ./board/board.o
 .comment       0x0000007f       0x80 ./board/clock_config.o
 .comment       0x0000007f       0x80 ./board/peripherals.o
 .comment       0x0000007f       0x80 ./board/pin_mux.o
 .comment       0x0000007f       0x80 ./CMSIS/system_MKL43Z4.o
 .comment       0x0000007f       0x80 c:/nxp/mcuxpressoide_10.1.1_606/ide/tools/bin/../lib/gcc/arm-none-eabi/6.3.1/../../../../arm-none-eabi/lib/thumb/v6-m\libcr_semihost_nf.a(_cr__main.o)
 .comment       0x0000007f       0x80 c:/nxp/mcuxpressoide_10.1.1_606/ide/tools/bin/../lib/gcc/arm-none-eabi/6.3.1/../../../../arm-none-eabi/lib/thumb/v6-m\libcr_semihost_nf.a(_cr_assert.o)
 .comment       0x0000007f       0x80 c:/nxp/mcuxpressoide_10.1.1_606/ide/tools/bin/../lib/gcc/arm-none-eabi/6.3.1/../../../../arm-none-eabi/lib/thumb/v6-m\libcr_semihost_nf.a(__ciob.o)
 .comment       0x0000007f       0x80 c:/nxp/mcuxpressoide_10.1.1_606/ide/tools/bin/../lib/gcc/arm-none-eabi/6.3.1/../../../../arm-none-eabi/lib/thumb/v6-m\libcr_c.a(memcpy.o)
 .comment       0x0000007f       0x80 c:/nxp/mcuxpressoide_10.1.1_606/ide/tools/bin/../lib/gcc/arm-none-eabi/6.3.1/../../../../arm-none-eabi/lib/thumb/v6-m\libcr_c.a(memset.o)
 .comment       0x0000007f       0x80 c:/nxp/mcuxpressoide_10.1.1_606/ide/tools/bin/../lib/gcc/arm-none-eabi/6.3.1/../../../../arm-none-eabi/lib/thumb/v6-m\libcr_c.a(_deferredlazyseek.o)
 .comment       0x0000007f       0x80 c:/nxp/mcuxpressoide_10.1.1_606/ide/tools/bin/../lib/gcc/arm-none-eabi/6.3.1/../../../../arm-none-eabi/lib/thumb/v6-m\libcr_c.a(_fflush.o)
 .comment       0x0000007f       0x80 c:/nxp/mcuxpressoide_10.1.1_606/ide/tools/bin/../lib/gcc/arm-none-eabi/6.3.1/../../../../arm-none-eabi/lib/thumb/v6-m\libcr_c.a(_writebuf.o)
 .comment       0x0000007f       0x80 c:/nxp/mcuxpressoide_10.1.1_606/ide/tools/bin/../lib/gcc/arm-none-eabi/6.3.1/../../../../arm-none-eabi/lib/thumb/v6-m\libcr_c.a(alloc.o)
 .comment       0x0000007f       0x80 c:/nxp/mcuxpressoide_10.1.1_606/ide/tools/bin/../lib/gcc/arm-none-eabi/6.3.1/../../../../arm-none-eabi/lib/thumb/v6-m\libcr_c.a(fputs.o)
 .comment       0x0000007f       0x80 c:/nxp/mcuxpressoide_10.1.1_606/ide/tools/bin/../lib/gcc/arm-none-eabi/6.3.1/../../../../arm-none-eabi/lib/thumb/v6-m\libcr_c.a(fseek.o)
 .comment       0x0000007f       0x80 c:/nxp/mcuxpressoide_10.1.1_606/ide/tools/bin/../lib/gcc/arm-none-eabi/6.3.1/../../../../arm-none-eabi/lib/thumb/v6-m\libcr_c.a(ftell.o)
 .comment       0x0000007f       0x80 c:/nxp/mcuxpressoide_10.1.1_606/ide/tools/bin/../lib/gcc/arm-none-eabi/6.3.1/../../../../arm-none-eabi/lib/thumb/v6-m\libcr_c.a(initio.o)
 .comment       0x0000007f       0x80 c:/nxp/mcuxpressoide_10.1.1_606/ide/tools/bin/../lib/gcc/arm-none-eabi/6.3.1/../../../../arm-none-eabi/lib/thumb/v6-m\libcr_c.a(printf.o)
 .comment       0x0000007f       0x80 c:/nxp/mcuxpressoide_10.1.1_606/ide/tools/bin/../lib/gcc/arm-none-eabi/6.3.1/../../../../arm-none-eabi/lib/thumb/v6-m\libcr_c.a(setvbuf.o)
 .comment       0x0000007f       0x80 c:/nxp/mcuxpressoide_10.1.1_606/ide/tools/bin/../lib/gcc/arm-none-eabi/6.3.1/../../../../arm-none-eabi/lib/thumb/v6-m\libcr_c.a(strlen.o)
 .comment       0x0000007f       0x80 c:/nxp/mcuxpressoide_10.1.1_606/ide/tools/bin/../lib/gcc/arm-none-eabi/6.3.1/../../../../arm-none-eabi/lib/thumb/v6-m\libcr_c.a(__init_alloc.o)
 .comment       0x0000007f       0x80 c:/nxp/mcuxpressoide_10.1.1_606/ide/tools/bin/../lib/gcc/arm-none-eabi/6.3.1/../../../../arm-none-eabi/lib/thumb/v6-m\libcr_c.a(_cr_sbrk.o)
 .comment       0x0000007f       0x80 c:/nxp/mcuxpressoide_10.1.1_606/ide/tools/bin/../lib/gcc/arm-none-eabi/6.3.1/../../../../arm-none-eabi/lib/thumb/v6-m\libcr_c.a(_fdopen.o)
 .comment       0x0000007f       0x80 c:/nxp/mcuxpressoide_10.1.1_606/ide/tools/bin/../lib/gcc/arm-none-eabi/6.3.1/../../../../arm-none-eabi/lib/thumb/v6-m\libcr_c.a(errno.o)
 .comment       0x0000007f       0x80 c:/nxp/mcuxpressoide_10.1.1_606/ide/tools/bin/../lib/gcc/arm-none-eabi/6.3.1/../../../../arm-none-eabi/lib/thumb/v6-m\libcr_c.a(fclose.o)
 .comment       0x0000007f       0x80 c:/nxp/mcuxpressoide_10.1.1_606/ide/tools/bin/../lib/gcc/arm-none-eabi/6.3.1/../../../../arm-none-eabi/lib/thumb/v6-m\libcr_c.a(fflush.o)
 .comment       0x0000007f       0x80 c:/nxp/mcuxpressoide_10.1.1_606/ide/tools/bin/../lib/gcc/arm-none-eabi/6.3.1/../../../../arm-none-eabi/lib/thumb/v6-m\libcr_c.a(remove.o)
 .comment       0x0000007f       0x80 c:/nxp/mcuxpressoide_10.1.1_606/ide/tools/bin/../lib/gcc/arm-none-eabi/6.3.1/../../../../arm-none-eabi/lib/thumb/v6-m\libcr_c.a(_cr_check_heap.o)
 .comment       0x0000007f       0x80 c:/nxp/mcuxpressoide_10.1.1_606/ide/tools/bin/../lib/gcc/arm-none-eabi/6.3.1/../../../../arm-none-eabi/lib/thumb/v6-m\libcr_c.a(_do_fflush.o)

.ARM.attributes
                0x00000000       0x30
 .ARM.attributes
                0x00000000       0x32 ./utilities/fsl_debug_console.o
 .ARM.attributes
                0x00000032       0x32 ./utilities/fsl_io.o
 .ARM.attributes
                0x00000064       0x32 ./utilities/fsl_log.o
 .ARM.attributes
                0x00000096       0x32 ./startup/startup_mkl43z4.o
 .ARM.attributes
                0x000000c8       0x32 ./source/finproj.o
 .ARM.attributes
                0x000000fa       0x32 ./source/mtb.o
 .ARM.attributes
                0x0000012c       0x32 ./source/semihost_hardfault.o
 .ARM.attributes
                0x0000015e       0x32 ./drivers/fsl_clock.o
 .ARM.attributes
                0x00000190       0x32 ./drivers/fsl_flash.o
 .ARM.attributes
                0x000001c2       0x32 ./drivers/fsl_lpuart.o
 .ARM.attributes
                0x000001f4       0x32 ./drivers/fsl_smc.o
 .ARM.attributes
                0x00000226       0x32 ./drivers/fsl_uart.o
 .ARM.attributes
                0x00000258       0x32 ./board/board.o
 .ARM.attributes
                0x0000028a       0x32 ./board/clock_config.o
 .ARM.attributes
                0x000002bc       0x32 ./board/peripherals.o
 .ARM.attributes
                0x000002ee       0x32 ./board/pin_mux.o
 .ARM.attributes
                0x00000320       0x32 ./CMSIS/system_MKL43Z4.o
 .ARM.attributes
                0x00000352       0x31 c:/nxp/mcuxpressoide_10.1.1_606/ide/tools/bin/../lib/gcc/arm-none-eabi/6.3.1/../../../../arm-none-eabi/lib/thumb/v6-m\libcr_semihost_nf.a(_cr__main.o)
 .ARM.attributes
                0x00000383       0x31 c:/nxp/mcuxpressoide_10.1.1_606/ide/tools/bin/../lib/gcc/arm-none-eabi/6.3.1/../../../../arm-none-eabi/lib/thumb/v6-m\libcr_semihost_nf.a(_cr_assert.o)
 .ARM.attributes
                0x000003b4       0x31 c:/nxp/mcuxpressoide_10.1.1_606/ide/tools/bin/../lib/gcc/arm-none-eabi/6.3.1/../../../../arm-none-eabi/lib/thumb/v6-m\libcr_semihost_nf.a(__ciob.o)
 .ARM.attributes
                0x000003e5       0x21 c:/nxp/mcuxpressoide_10.1.1_606/ide/tools/bin/../lib/gcc/arm-none-eabi/6.3.1/../../../../arm-none-eabi/lib/thumb/v6-m\libcr_semihost_nf.a(__sys_appexit.o)
 .ARM.attributes
                0x00000406       0x31 c:/nxp/mcuxpressoide_10.1.1_606/ide/tools/bin/../lib/gcc/arm-none-eabi/6.3.1/../../../../arm-none-eabi/lib/thumb/v6-m\libcr_c.a(memcpy.o)
 .ARM.attributes
                0x00000437       0x31 c:/nxp/mcuxpressoide_10.1.1_606/ide/tools/bin/../lib/gcc/arm-none-eabi/6.3.1/../../../../arm-none-eabi/lib/thumb/v6-m\libcr_c.a(memset.o)
 .ARM.attributes
                0x00000468       0x31 c:/nxp/mcuxpressoide_10.1.1_606/ide/tools/bin/../lib/gcc/arm-none-eabi/6.3.1/../../../../arm-none-eabi/lib/thumb/v6-m\libcr_c.a(_deferredlazyseek.o)
 .ARM.attributes
                0x00000499       0x31 c:/nxp/mcuxpressoide_10.1.1_606/ide/tools/bin/../lib/gcc/arm-none-eabi/6.3.1/../../../../arm-none-eabi/lib/thumb/v6-m\libcr_c.a(_fflush.o)
 .ARM.attributes
                0x000004ca       0x31 c:/nxp/mcuxpressoide_10.1.1_606/ide/tools/bin/../lib/gcc/arm-none-eabi/6.3.1/../../../../arm-none-eabi/lib/thumb/v6-m\libcr_c.a(_writebuf.o)
 .ARM.attributes
                0x000004fb       0x31 c:/nxp/mcuxpressoide_10.1.1_606/ide/tools/bin/../lib/gcc/arm-none-eabi/6.3.1/../../../../arm-none-eabi/lib/thumb/v6-m\libcr_c.a(alloc.o)
 .ARM.attributes
                0x0000052c       0x31 c:/nxp/mcuxpressoide_10.1.1_606/ide/tools/bin/../lib/gcc/arm-none-eabi/6.3.1/../../../../arm-none-eabi/lib/thumb/v6-m\libcr_c.a(fputs.o)
 .ARM.attributes
                0x0000055d       0x31 c:/nxp/mcuxpressoide_10.1.1_606/ide/tools/bin/../lib/gcc/arm-none-eabi/6.3.1/../../../../arm-none-eabi/lib/thumb/v6-m\libcr_c.a(fseek.o)
 .ARM.attributes
                0x0000058e       0x31 c:/nxp/mcuxpressoide_10.1.1_606/ide/tools/bin/../lib/gcc/arm-none-eabi/6.3.1/../../../../arm-none-eabi/lib/thumb/v6-m\libcr_c.a(ftell.o)
 .ARM.attributes
                0x000005bf       0x31 c:/nxp/mcuxpressoide_10.1.1_606/ide/tools/bin/../lib/gcc/arm-none-eabi/6.3.1/../../../../arm-none-eabi/lib/thumb/v6-m\libcr_c.a(initio.o)
 .ARM.attributes
                0x000005f0       0x31 c:/nxp/mcuxpressoide_10.1.1_606/ide/tools/bin/../lib/gcc/arm-none-eabi/6.3.1/../../../../arm-none-eabi/lib/thumb/v6-m\libcr_c.a(printf.o)
 .ARM.attributes
                0x00000621       0x31 c:/nxp/mcuxpressoide_10.1.1_606/ide/tools/bin/../lib/gcc/arm-none-eabi/6.3.1/../../../../arm-none-eabi/lib/thumb/v6-m\libcr_c.a(setvbuf.o)
 .ARM.attributes
                0x00000652       0x31 c:/nxp/mcuxpressoide_10.1.1_606/ide/tools/bin/../lib/gcc/arm-none-eabi/6.3.1/../../../../arm-none-eabi/lib/thumb/v6-m\libcr_c.a(strlen.o)
 .ARM.attributes
                0x00000683       0x31 c:/nxp/mcuxpressoide_10.1.1_606/ide/tools/bin/../lib/gcc/arm-none-eabi/6.3.1/../../../../arm-none-eabi/lib/thumb/v6-m\libcr_c.a(__init_alloc.o)
 .ARM.attributes
                0x000006b4       0x31 c:/nxp/mcuxpressoide_10.1.1_606/ide/tools/bin/../lib/gcc/arm-none-eabi/6.3.1/../../../../arm-none-eabi/lib/thumb/v6-m\libcr_c.a(_cr_sbrk.o)
 .ARM.attributes
                0x000006e5       0x31 c:/nxp/mcuxpressoide_10.1.1_606/ide/tools/bin/../lib/gcc/arm-none-eabi/6.3.1/../../../../arm-none-eabi/lib/thumb/v6-m\libcr_c.a(_fdopen.o)
 .ARM.attributes
                0x00000716       0x31 c:/nxp/mcuxpressoide_10.1.1_606/ide/tools/bin/../lib/gcc/arm-none-eabi/6.3.1/../../../../arm-none-eabi/lib/thumb/v6-m\libcr_c.a(errno.o)
 .ARM.attributes
                0x00000747       0x31 c:/nxp/mcuxpressoide_10.1.1_606/ide/tools/bin/../lib/gcc/arm-none-eabi/6.3.1/../../../../arm-none-eabi/lib/thumb/v6-m\libcr_c.a(fclose.o)
 .ARM.attributes
                0x00000778       0x31 c:/nxp/mcuxpressoide_10.1.1_606/ide/tools/bin/../lib/gcc/arm-none-eabi/6.3.1/../../../../arm-none-eabi/lib/thumb/v6-m\libcr_c.a(fflush.o)
 .ARM.attributes
                0x000007a9       0x31 c:/nxp/mcuxpressoide_10.1.1_606/ide/tools/bin/../lib/gcc/arm-none-eabi/6.3.1/../../../../arm-none-eabi/lib/thumb/v6-m\libcr_c.a(remove.o)
 .ARM.attributes
                0x000007da       0x31 c:/nxp/mcuxpressoide_10.1.1_606/ide/tools/bin/../lib/gcc/arm-none-eabi/6.3.1/../../../../arm-none-eabi/lib/thumb/v6-m\libcr_c.a(_cr_check_heap.o)
 .ARM.attributes
                0x0000080b       0x31 c:/nxp/mcuxpressoide_10.1.1_606/ide/tools/bin/../lib/gcc/arm-none-eabi/6.3.1/../../../../arm-none-eabi/lib/thumb/v6-m\libcr_c.a(_do_fflush.o)
 .ARM.attributes
                0x0000083c       0x21 c:/nxp/mcuxpressoide_10.1.1_606/ide/tools/bin/../lib/gcc/arm-none-eabi/6.3.1/thumb/v6-m\libcr_eabihelpers.a(division_32.o)
 .ARM.attributes
                0x0000085d       0x21 c:/nxp/mcuxpressoide_10.1.1_606/ide/tools/bin/../lib/gcc/arm-none-eabi/6.3.1/thumb/v6-m\libcr_eabihelpers.a(division_idiv0.o)
 .ARM.attributes
                0x0000087e       0x21 c:/nxp/mcuxpressoide_10.1.1_606/ide/tools/bin/../lib/gcc/arm-none-eabi/6.3.1/thumb/v6-m\libcr_eabihelpers.a(llong.o)
 .ARM.attributes
                0x0000089f       0x21 c:/nxp/mcuxpressoide_10.1.1_606/ide/tools/bin/../lib/gcc/arm-none-eabi/6.3.1/thumb/v6-m\libcr_eabihelpers.a(memcpy.o)
 .ARM.attributes
                0x000008c0       0x21 c:/nxp/mcuxpressoide_10.1.1_606/ide/tools/bin/../lib/gcc/arm-none-eabi/6.3.1/../../../../arm-none-eabi/lib/thumb/v6-m\libcr_semihost_nf.a(__sys_close.o)
 .ARM.attributes
                0x000008e1       0x21 c:/nxp/mcuxpressoide_10.1.1_606/ide/tools/bin/../lib/gcc/arm-none-eabi/6.3.1/../../../../arm-none-eabi/lib/thumb/v6-m\libcr_semihost_nf.a(__sys_flen.o)
 .ARM.attributes
                0x00000902       0x21 c:/nxp/mcuxpressoide_10.1.1_606/ide/tools/bin/../lib/gcc/arm-none-eabi/6.3.1/../../../../arm-none-eabi/lib/thumb/v6-m\libcr_semihost_nf.a(__sys_istty.o)
 .ARM.attributes
                0x00000923       0x21 c:/nxp/mcuxpressoide_10.1.1_606/ide/tools/bin/../lib/gcc/arm-none-eabi/6.3.1/../../../../arm-none-eabi/lib/thumb/v6-m\libcr_semihost_nf.a(__sys_remove.o)
 .ARM.attributes
                0x00000944       0x21 c:/nxp/mcuxpressoide_10.1.1_606/ide/tools/bin/../lib/gcc/arm-none-eabi/6.3.1/../../../../arm-none-eabi/lib/thumb/v6-m\libcr_semihost_nf.a(__sys_seek.o)
 .ARM.attributes
                0x00000965       0x21 c:/nxp/mcuxpressoide_10.1.1_606/ide/tools/bin/../lib/gcc/arm-none-eabi/6.3.1/../../../../arm-none-eabi/lib/thumb/v6-m\libcr_semihost_nf.a(__sys_tmpnam.o)
 .ARM.attributes
                0x00000986       0x21 c:/nxp/mcuxpressoide_10.1.1_606/ide/tools/bin/../lib/gcc/arm-none-eabi/6.3.1/../../../../arm-none-eabi/lib/thumb/v6-m\libcr_semihost_nf.a(__sys_write.o)

.debug_frame    0x00000000     0x1bcc
 .debug_frame   0x00000000       0x68 ./utilities/fsl_debug_console.o
 .debug_frame   0x00000068      0x108 ./utilities/fsl_io.o
 .debug_frame   0x00000170      0x108 ./utilities/fsl_log.o
 .debug_frame   0x00000278      0x3b0 ./startup/startup_mkl43z4.o
 .debug_frame   0x00000628      0x1f0 ./source/finproj.o
 .debug_frame   0x00000818       0x20 ./source/semihost_hardfault.o
 .debug_frame   0x00000838      0x2d8 ./drivers/fsl_clock.o
 .debug_frame   0x00000b10      0x490 ./drivers/fsl_flash.o
 .debug_frame   0x00000fa0      0x428 ./drivers/fsl_lpuart.o
 .debug_frame   0x000013c8      0x1c8 ./drivers/fsl_smc.o
 .debug_frame   0x00001590      0x42c ./drivers/fsl_uart.o
 .debug_frame   0x000019bc       0x50 ./board/board.o
 .debug_frame   0x00001a0c       0xc0 ./board/clock_config.o
 .debug_frame   0x00001acc       0x2c ./board/peripherals.o
 .debug_frame   0x00001af8       0x88 ./board/pin_mux.o
 .debug_frame   0x00001b80       0x4c ./CMSIS/system_MKL43Z4.o

.debug_ranges   0x00000000      0x150
 .debug_ranges  0x00000000      0x150 ./startup/startup_mkl43z4.o
